// Jest Snapshot v1, https://goo.gl/fbAQLP

exports[`EmptyData snapshot test 1`] = `
<div
  className="alert alert-warning fade"
  role="alert"
>
  Sorry there are no books, happens with the best of us.
</div>
`;
